Collecting prii-maintenance @ git+https://github.com/jotaele44/thehub-pr.git@f2b81769924689b4d959554928810b1d7b7ef3d6#subdirectory=packages/prii_maintenance
  Using cached prii_maintenance-0.1.0-py3-none-any.whl
Collecting prii-export-utils @ git+https://github.com/jotaele44/thehub-pr.git@f2b81769924689b4d959554928810b1d7b7ef3d6#subdirectory=packages/prii_export_utils
  Using cached prii_export_utils-0.1.0-py3-none-any.whl
Requirement already satisfied: Pillow in /Library/Frameworks/Python.framework/Versions/3.13/lib/python3.13/site-packages (12.3.0)
Requirement already satisfied: PyMuPDF in /Library/Frameworks/Python.framework/Versions/3.13/lib/python3.13/site-packages (1.28.2)
Requirement already satisfied: httpx in /Library/Frameworks/Python.framework/Versions/3.13/lib/python3.13/site-packages (0.28.1)
Requirement already satisfied: jsonschema in /Library/Frameworks/Python.framework/Versions/3.13/lib/python3.13/site-packages (4.26.0)
Requirement already satisfied: openpyxl in /Library/Frameworks/Python.framework/Versions/3.13/lib/python3.13/site-packages (3.1.5)
Requirement already satisfied: pytest in /Library/Frameworks/Python.framework/Versions/3.13/lib/python3.13/site-packages (9.1.1)
Requirement already satisfied: fastapi>=0.111.0 in /Library/Frameworks/Python.framework/Versions/3.13/lib/python3.13/site-packages (from -r server/backend/requirements.txt (line 1)) (0.128.2)
Requirement already satisfied: uvicorn>=0.29.0 in /Library/Frameworks/Python.framework/Versions/3.13/lib/python3.13/site-packages (from uvicorn[standard]>=0.29.0->-r server/backend/requirements.txt (line 2)) (0.48.0)
Requirement already satisfied: anyio in /Library/Frameworks/Python.framework/Versions/3.13/lib/python3.13/site-packages (from httpx) (4.14.1)
Requirement already satisfied: certifi in /Library/Frameworks/Python.framework/Versions/3.13/lib/python3.13/site-packages (from httpx) (2026.4.22)
Requirement already satisfied: httpcore==1.* in /Library/Frameworks/Python.framework/Versions/3.13/lib/python3.13/site-packages (from httpx) (1.0.9)
Requirement already satisfied: idna in /Library/Frameworks/Python.framework/Versions/3.13/lib/python3.13/site-packages (from httpx) (3.16)
Requirement already satisfied: h11>=0.16 in /Library/Frameworks/Python.framework/Versions/3.13/lib/python3.13/site-packages (from httpcore==1.*->httpx) (0.16.0)
Requirement already satisfied: attrs>=22.2.0 in /Library/Frameworks/Python.framework/Versions/3.13/lib/python3.13/site-packages (from jsonschema) (26.1.0)
Requirement already satisfied: jsonschema-specifications>=2023.03.6 in /Library/Frameworks/Python.framework/Versions/3.13/lib/python3.13/site-packages (from jsonschema) (2025.9.1)
Requirement already satisfied: referencing>=0.28.4 in /Library/Frameworks/Python.framework/Versions/3.13/lib/python3.13/site-packages (from jsonschema) (0.37.0)
Requirement already satisfied: rpds-py>=0.25.0 in /Library/Frameworks/Python.framework/Versions/3.13/lib/python3.13/site-packages (from jsonschema) (2026.6.3)
Requirement already satisfied: et-xmlfile in /Library/Frameworks/Python.framework/Versions/3.13/lib/python3.13/site-packages (from openpyxl) (2.0.0)
Requirement already satisfied: iniconfig>=1.0.1 in /Library/Frameworks/Python.framework/Versions/3.13/lib/python3.13/site-packages (from pytest) (2.3.0)
Requirement already satisfied: packaging>=22 in /Library/Frameworks/Python.framework/Versions/3.13/lib/python3.13/site-packages (from pytest) (26.2)
Requirement already satisfied: pluggy<2,>=1.5 in /Library/Frameworks/Python.framework/Versions/3.13/lib/python3.13/site-packages (from pytest) (1.6.0)
Requirement already satisfied: pygments>=2.7.2 in /Library/Frameworks/Python.framework/Versions/3.13/lib/python3.13/site-packages (from pytest) (2.20.0)
Requirement already satisfied: starlette<0.51.0,>=0.40.0 in /Library/Frameworks/Python.framework/Versions/3.13/lib/python3.13/site-packages (from fastapi>=0.111.0->-r server/backend/requirements.txt (line 1)) (0.50.0)
Requirement already satisfied: pydantic>=2.7.0 in /Library/Frameworks/Python.framework/Versions/3.13/lib/python3.13/site-packages (from fastapi>=0.111.0->-r server/backend/requirements.txt (line 1)) (2.13.4)
Requirement already satisfied: typing-extensions>=4.8.0 in /Library/Frameworks/Python.framework/Versions/3.13/lib/python3.13/site-packages (from fastapi>=0.111.0->-r server/backend/requirements.txt (line 1)) (4.16.0)
Requirement already satisfied: typing-inspection>=0.4.2 in /Library/Frameworks/Python.framework/Versions/3.13/lib/python3.13/site-packages (from fastapi>=0.111.0->-r server/backend/requirements.txt (line 1)) (0.4.2)
Requirement already satisfied: annotated-doc>=0.0.2 in /Library/Frameworks/Python.framework/Versions/3.13/lib/python3.13/site-packages (from fastapi>=0.111.0->-r server/backend/requirements.txt (line 1)) (0.0.4)
Requirement already satisfied: click>=7.0 in /Users/jotaele/Library/Python/3.13/lib/python/site-packages (from uvicorn>=0.29.0->uvicorn[standard]>=0.29.0->-r server/backend/requirements.txt (line 2)) (8.4.2)
Requirement already satisfied: annotated-types>=0.6.0 in /Library/Frameworks/Python.framework/Versions/3.13/lib/python3.13/site-packages (from pydantic>=2.7.0->fastapi>=0.111.0->-r server/backend/requirements.txt (line 1)) (0.7.0)
Requirement already satisfied: pydantic-core==2.46.4 in /Library/Frameworks/Python.framework/Versions/3.13/lib/python3.13/site-packages (from pydantic>=2.7.0->fastapi>=0.111.0->-r server/backend/requirements.txt (line 1)) (2.46.4)
Requirement already satisfied: httptools>=0.6.3 in /Library/Frameworks/Python.framework/Versions/3.13/lib/python3.13/site-packages (from uvicorn[standard]>=0.29.0->-r server/backend/requirements.txt (line 2)) (0.8.0)
Requirement already satisfied: python-dotenv>=0.13 in /Library/Frameworks/Python.framework/Versions/3.13/lib/python3.13/site-packages (from uvicorn[standard]>=0.29.0->-r server/backend/requirements.txt (line 2)) (1.2.3)
Requirement already satisfied: pyyaml>=5.1 in /Library/Frameworks/Python.framework/Versions/3.13/lib/python3.13/site-packages (from uvicorn[standard]>=0.29.0->-r server/backend/requirements.txt (line 2)) (6.0.3)
Requirement already satisfied: uvloop>=0.15.1 in /Library/Frameworks/Python.framework/Versions/3.13/lib/python3.13/site-packages (from uvicorn[standard]>=0.29.0->-r server/backend/requirements.txt (line 2)) (0.22.1)
Requirement already satisfied: watchfiles>=0.20 in /Library/Frameworks/Python.framework/Versions/3.13/lib/python3.13/site-packages (from uvicorn[standard]>=0.29.0->-r server/backend/requirements.txt (line 2)) (1.2.0)
Requirement already satisfied: websockets>=10.4 in /Library/Frameworks/Python.framework/Versions/3.13/lib/python3.13/site-packages (from uvicorn[standard]>=0.29.0->-r server/backend/requirements.txt (line 2)) (17.0.1)

[notice] A new release of pip is available: 26.1.2 -> 26.2.1
[notice] To update, run: pip install --upgrade pip
warning: The `fitz` API is deprecated and will be removed in future. Use `import pymupdf` instead.
Skywatcher federation setup smoke passed.
Python: 3.13.13
$ python3 -m pip install Pillow PyMuPDF httpx jsonschema openpyxl pytest -r server/backend/requirements.txt 'prii-maintenance @ git+https://github.com/jotaele44/thehub-pr.git@f2b81769924689b4d959554928810b1d7b7ef3d6#subdirectory=packages/prii_maintenance' 'prii-export-utils @ git+https://github.com/jotaele44/thehub-pr.git@f2b81769924689b4d959554928810b1d7b7ef3d6#subdirectory=packages/prii_export_utils' && python3 scripts/federation_setup_smoke.py
# cwd: /var/folders/0p/s67bd63s0cbdzz4rtd6_sm2m0000gn/T/startup-audit-20260901T001032Z-pxserduk/skywatcher-pr
# started_utc: 2026-09-01T00:16:02Z

