Ignoring networkx: markers 'python_version < "3.11"' don't match your environment
Collecting prii-maintenance @ git+https://github.com/jotaele44/thehub-pr.git@f2b81769924689b4d959554928810b1d7b7ef3d6#subdirectory=packages/prii_maintenance (from -r requirements.txt (line 23))
  Using cached prii_maintenance-0.1.0-py3-none-any.whl
Requirement already satisfied: pandas>=3.0.5 in /Library/Frameworks/Python.framework/Versions/3.13/lib/python3.13/site-packages (from -r requirements.txt (line 1)) (3.0.5)
Requirement already satisfied: requests>=2.34.2 in /Library/Frameworks/Python.framework/Versions/3.13/lib/python3.13/site-packages (from -r requirements.txt (line 2)) (2.34.2)
Requirement already satisfied: lxml>=6.1.2 in /Library/Frameworks/Python.framework/Versions/3.13/lib/python3.13/site-packages (from -r requirements.txt (line 3)) (6.1.2)
Requirement already satisfied: pytest>=9.1.1 in /Library/Frameworks/Python.framework/Versions/3.13/lib/python3.13/site-packages (from -r requirements.txt (line 4)) (9.1.1)
Requirement already satisfied: pytest-cov>=7.1.0 in /Library/Frameworks/Python.framework/Versions/3.13/lib/python3.13/site-packages (from -r requirements.txt (line 5)) (7.1.0)
Requirement already satisfied: rapidfuzz>=3.14.5 in /Library/Frameworks/Python.framework/Versions/3.13/lib/python3.13/site-packages (from -r requirements.txt (line 6)) (3.14.5)
Requirement already satisfied: python-dotenv>=1.2.3 in /Library/Frameworks/Python.framework/Versions/3.13/lib/python3.13/site-packages (from -r requirements.txt (line 7)) (1.2.3)
Requirement already satisfied: pyarrow>=25.0.0 in /Library/Frameworks/Python.framework/Versions/3.13/lib/python3.13/site-packages (from -r requirements.txt (line 8)) (25.0.1)
Requirement already satisfied: duckdb>=1.5.5 in /Library/Frameworks/Python.framework/Versions/3.13/lib/python3.13/site-packages (from -r requirements.txt (line 12)) (1.5.5)
Requirement already satisfied: pytz>=2026.3.post1 in /Library/Frameworks/Python.framework/Versions/3.13/lib/python3.13/site-packages (from -r requirements.txt (line 13)) (2026.3.post1)
Requirement already satisfied: PyYAML>=6.0.3 in /Library/Frameworks/Python.framework/Versions/3.13/lib/python3.13/site-packages (from -r requirements.txt (line 15)) (6.0.3)
Requirement already satisfied: networkx>=3.6.1 in /Library/Frameworks/Python.framework/Versions/3.13/lib/python3.13/site-packages (from -r requirements.txt (line 16)) (3.6.1)
Requirement already satisfied: pdfplumber>=0.11.10 in /Library/Frameworks/Python.framework/Versions/3.13/lib/python3.13/site-packages (from -r requirements.txt (line 19)) (0.11.10)
Requirement already satisfied: openpyxl>=3.1.5 in /Library/Frameworks/Python.framework/Versions/3.13/lib/python3.13/site-packages (from -r requirements.txt (line 21)) (3.1.5)
Requirement already satisfied: numpy>=1.26.0 in /Library/Frameworks/Python.framework/Versions/3.13/lib/python3.13/site-packages (from pandas>=3.0.5->-r requirements.txt (line 1)) (2.4.6)
Requirement already satisfied: python-dateutil>=2.8.2 in /Library/Frameworks/Python.framework/Versions/3.13/lib/python3.13/site-packages (from pandas>=3.0.5->-r requirements.txt (line 1)) (2.9.0.post0)
Requirement already satisfied: charset_normalizer<4,>=2 in /Library/Frameworks/Python.framework/Versions/3.13/lib/python3.13/site-packages (from requests>=2.34.2->-r requirements.txt (line 2)) (3.4.7)
Requirement already satisfied: idna<4,>=2.5 in /Library/Frameworks/Python.framework/Versions/3.13/lib/python3.13/site-packages (from requests>=2.34.2->-r requirements.txt (line 2)) (3.16)
Requirement already satisfied: urllib3<3,>=1.26 in /Library/Frameworks/Python.framework/Versions/3.13/lib/python3.13/site-packages (from requests>=2.34.2->-r requirements.txt (line 2)) (2.7.0)
Requirement already satisfied: certifi>=2023.5.7 in /Library/Frameworks/Python.framework/Versions/3.13/lib/python3.13/site-packages (from requests>=2.34.2->-r requirements.txt (line 2)) (2026.4.22)
Requirement already satisfied: iniconfig>=1.0.1 in /Library/Frameworks/Python.framework/Versions/3.13/lib/python3.13/site-packages (from pytest>=9.1.1->-r requirements.txt (line 4)) (2.3.0)
Requirement already satisfied: packaging>=22 in /Library/Frameworks/Python.framework/Versions/3.13/lib/python3.13/site-packages (from pytest>=9.1.1->-r requirements.txt (line 4)) (26.2)
Requirement already satisfied: pluggy<2,>=1.5 in /Library/Frameworks/Python.framework/Versions/3.13/lib/python3.13/site-packages (from pytest>=9.1.1->-r requirements.txt (line 4)) (1.6.0)
Requirement already satisfied: pygments>=2.7.2 in /Library/Frameworks/Python.framework/Versions/3.13/lib/python3.13/site-packages (from pytest>=9.1.1->-r requirements.txt (line 4)) (2.20.0)
Requirement already satisfied: coverage>=7.10.6 in /Library/Frameworks/Python.framework/Versions/3.13/lib/python3.13/site-packages (from coverage[toml]>=7.10.6->pytest-cov>=7.1.0->-r requirements.txt (line 5)) (7.15.4)
Requirement already satisfied: pdfminer.six==20260107 in /Library/Frameworks/Python.framework/Versions/3.13/lib/python3.13/site-packages (from pdfplumber>=0.11.10->-r requirements.txt (line 19)) (20260107)
Requirement already satisfied: Pillow>=12.2.0 in /Library/Frameworks/Python.framework/Versions/3.13/lib/python3.13/site-packages (from pdfplumber>=0.11.10->-r requirements.txt (line 19)) (12.3.0)
Requirement already satisfied: pypdfium2>=5.9.0 in /Library/Frameworks/Python.framework/Versions/3.13/lib/python3.13/site-packages (from pdfplumber>=0.11.10->-r requirements.txt (line 19)) (5.13.0)
Requirement already satisfied: cryptography>=36.0.0 in /Library/Frameworks/Python.framework/Versions/3.13/lib/python3.13/site-packages (from pdfminer.six==20260107->pdfplumber>=0.11.10->-r requirements.txt (line 19)) (50.0.0)
Requirement already satisfied: et-xmlfile in /Library/Frameworks/Python.framework/Versions/3.13/lib/python3.13/site-packages (from openpyxl>=3.1.5->-r requirements.txt (line 21)) (2.0.0)
Requirement already satisfied: cffi>=2.0.0 in /Users/jotaele/Library/Python/3.13/lib/python/site-packages (from cryptography>=36.0.0->pdfminer.six==20260107->pdfplumber>=0.11.10->-r requirements.txt (line 19)) (2.1.1)
Requirement already satisfied: pycparser in /Users/jotaele/Library/Python/3.13/lib/python/site-packages (from cffi>=2.0.0->cryptography>=36.0.0->pdfminer.six==20260107->pdfplumber>=0.11.10->-r requirements.txt (line 19)) (3.0)
Requirement already satisfied: six>=1.5 in /Library/Frameworks/Python.framework/Versions/3.13/lib/python3.13/site-packages (from python-dateutil>=2.8.2->pandas>=3.0.5->-r requirements.txt (line 1)) (1.17.0)

[notice] A new release of pip is available: 26.1.2 -> 26.2.1
[notice] To update, run: pip install --upgrade pip
2026-08-31 20:02:11 [INFO] ======================================================================
2026-08-31 20:02:11 [INFO]   Puerto Rico Federal Contracts Data Pipeline
2026-08-31 20:02:11 [INFO]   Full Contract Data Acquisition & Staging Pipeline (2000-2025) + UEI Enrichment
2026-08-31 20:02:11 [INFO] ======================================================================
2026-08-31 20:02:11 [INFO] 
2026-08-31 20:02:11 [INFO] ----------------------------------------------------------------------
2026-08-31 20:02:11 [INFO]   Pipeline readiness preflight (strict=False)
2026-08-31 20:02:11 [INFO] ----------------------------------------------------------------------
2026-08-31 20:02:11 [WARNING]   [MISSING] highergov_supplemental (HIGHERGOV_API_KEY) — source will be skipped/limited
2026-08-31 20:02:11 [WARNING]   [MISSING] eia_power_sector (EIA_API_KEY) — source will be skipped/limited
2026-08-31 20:02:11 [WARNING]   [MISSING] fred_timeseries (FRED_API_KEY) — source will be skipped/limited
2026-08-31 20:02:11 [WARNING]   [MISSING] municipal_finance (FAC_API_KEY) — source will be skipped/limited
2026-08-31 20:02:11 [WARNING]   [MISSING] fec (FEC_API_KEY) — source will be skipped/limited
2026-08-31 20:02:11 [WARNING]   [MISSING] fec_committees (FEC_API_KEY) — source will be skipped/limited
2026-08-31 20:02:11 [WARNING]   [MISSING] financialdata_net (FINANCIALDATA_API_KEY) — source will be skipped/limited
2026-08-31 20:02:11 [WARNING]   [MISSING] federal_audit_clearinghouse (FAC_API_KEY) — source will be skipped/limited
2026-08-31 20:02:11 [WARNING]   [MISSING] sam_exclusions (SAM_API_KEY) — source will be skipped/limited
2026-08-31 20:02:11 [WARNING]   [MISSING] sam_opportunities (SAM_API_KEY) — source will be skipped/limited
2026-08-31 20:02:11 [WARNING]   [MISSING] census_gov_finances (CENSUS_API_KEY) — source will be skipped/limited
2026-08-31 20:02:11 [WARNING]   [MISSING] legislative_canonical_sources (OPENSTATES_API_KEY) — source will be skipped/limited
2026-08-31 20:02:11 [WARNING]   [MISSING] nara_nextgen_catalog_v3 (NARA_API_KEY) — source will be skipped/limited
2026-08-31 20:02:14 [WARNING]   [missing_key_limited] highergov_supplemental — HIGHERGOV_API_KEY not set — source will be skipped/limited
2026-08-31 20:02:14 [WARNING]   [missing_key_limited] eia_power_sector — EIA_API_KEY not set — source will be skipped/limited
2026-08-31 20:02:14 [WARNING]   [missing_key_limited] fred_timeseries — FRED_API_KEY not set — source will be skipped/limited
2026-08-31 20:02:14 [WARNING]   [missing_key_limited] municipal_finance — FAC_API_KEY not set — source will be skipped/limited
2026-08-31 20:02:14 [WARNING]   [missing_key_limited] fec — FEC_API_KEY not set — source will be skipped/limited
2026-08-31 20:02:14 [WARNING]   [missing_key_limited] fec_committees — FEC_API_KEY not set — source will be skipped/limited
2026-08-31 20:02:14 [WARNING]   [missing_key_limited] financialdata_net — FINANCIALDATA_API_KEY not set — source will be skipped/limited
2026-08-31 20:02:14 [WARNING]   [missing_key_limited] federal_audit_clearinghouse — FAC_API_KEY not set — source will be skipped/limited
2026-08-31 20:02:14 [WARNING]   [missing_key_limited] sam_exclusions — SAM_API_KEY not set — source will be skipped/limited
2026-08-31 20:02:14 [WARNING]   [missing_key_limited] sam_opportunities — SAM_API_KEY not set — source will be skipped/limited
2026-08-31 20:02:14 [WARNING]   [missing_key_limited] census_gov_finances — CENSUS_API_KEY not set — source will be skipped/limited
2026-08-31 20:02:14 [WARNING]   [missing_key_limited] legislative_canonical_sources — OPENSTATES_API_KEY not set — source will be skipped/limited
2026-08-31 20:02:14 [WARNING]   [missing_key_limited] nara_nextgen_catalog_v3 — NARA_API_KEY not set — source will be skipped/limited
2026-08-31 20:02:14 [INFO]   Readiness: missing_key_limited=13, ready=149
2026-08-31 20:02:14 [INFO]   162 sources checked — 0 structural error(s), 13 missing key(s).
2026-08-31 20:02:14 [INFO]   [preflight] missing API keys are non-fatal — sources skip or run limited.
2026-08-31 20:02:14 [INFO] ----------------------------------------------------------------------
2026-08-31 20:02:14 [INFO] 
2026-08-31 20:02:14 [INFO] [Step 1/29] Setting up directories...
2026-08-31 20:02:14 [INFO] Setting up directory structure...
2026-08-31 20:02:14 [INFO]   Directory: data (ok)
2026-08-31 20:02:14 [INFO]   Directory: data/staging (ok)
2026-08-31 20:02:14 [INFO]   Directory: data/staging/expansion (ok)
2026-08-31 20:02:14 [INFO]   Directory: data/staging/processed (ok)
2026-08-31 20:02:14 [INFO]   Directory: data/raw (ok)
2026-08-31 20:02:14 [INFO]   Directory: data/logs (ok)
2026-08-31 20:02:14 [INFO]   Directory: data/raw/grants (created)
2026-08-31 20:02:14 [INFO]   Directory: data/raw/subawards (ok)
2026-08-31 20:02:14 [INFO]   Directory: data/raw/fema_pa (created)
2026-08-31 20:02:14 [INFO]   Directory: data/raw/fema_hmgp (created)
2026-08-31 20:02:14 [INFO]   Directory: data/raw/research (created)
2026-08-31 20:02:14 [INFO]   Directory: data/raw/HigherGov (ok)
2026-08-31 20:02:14 [INFO]   Directory: data/raw/sba (created)
2026-08-31 20:02:14 [INFO]   Directory: data/raw/slfrf (created)
2026-08-31 20:02:14 [INFO]   Directory: data/raw/cdbg_dr (created)
2026-08-31 20:02:14 [INFO] Directory setup complete.
2026-08-31 20:02:14 [INFO] [Step 1/29] Done.

2026-08-31 20:02:14 [INFO] [Step 2/29] Generating download instructions...
2026-08-31 20:02:14 [INFO] Generating download instructions...
2026-08-31 20:02:14 [INFO] Setting up directory structure...
2026-08-31 20:02:14 [INFO]   Directory: data (ok)
2026-08-31 20:02:14 [INFO]   Directory: data/staging (ok)
2026-08-31 20:02:14 [INFO]   Directory: data/staging/expansion (ok)
2026-08-31 20:02:14 [INFO]   Directory: data/staging/processed (ok)
2026-08-31 20:02:14 [INFO]   Directory: data/raw (ok)
2026-08-31 20:02:14 [INFO]   Directory: data/logs (ok)
2026-08-31 20:02:14 [INFO]   Directory: data/raw/grants (ok)
2026-08-31 20:02:14 [INFO]   Directory: data/raw/subawards (ok)
2026-08-31 20:02:14 [INFO]   Directory: data/raw/fema_pa (ok)
2026-08-31 20:02:14 [INFO]   Directory: data/raw/fema_hmgp (ok)
2026-08-31 20:02:14 [INFO]   Directory: data/raw/research (ok)
2026-08-31 20:02:14 [INFO]   Directory: data/raw/HigherGov (ok)
2026-08-31 20:02:14 [INFO]   Directory: data/raw/sba (ok)
2026-08-31 20:02:14 [INFO]   Directory: data/raw/slfrf (ok)
2026-08-31 20:02:14 [INFO]   Directory: data/raw/cdbg_dr (ok)
2026-08-31 20:02:14 [INFO] Directory setup complete.
2026-08-31 20:02:14 [INFO]   Instructions: data/staging/expansion/DOWNLOAD_INSTRUCTIONS.md
2026-08-31 20:02:14 [INFO]   Manifest:     data/staging/expansion/manifest.json
2026-08-31 20:02:14 [INFO]   Total files to download: 13
2026-08-31 20:02:14 [INFO] Download instructions generated successfully.
2026-08-31 20:02:14 [INFO] [Step 2/29] Done.

2026-08-31 20:02:14 [INFO] --only-setup flag set. Stopping after steps 1-2.
2026-08-31 20:02:14 [INFO] 
2026-08-31 20:02:14 [INFO] ======================================================================
2026-08-31 20:02:14 [INFO]   PIPELINE SUMMARY
2026-08-31 20:02:14 [INFO] ======================================================================
2026-08-31 20:02:14 [INFO]   Directories:           OK
2026-08-31 20:02:14 [INFO]   Download instructions: OK — see data/staging/expansion/DOWNLOAD_INSTRUCTIONS.md
2026-08-31 20:02:14 [INFO]   Auto-downloaded:       SKIPPED
2026-08-31 20:02:14 [INFO]   Files validated:       SKIPPED
2026-08-31 20:02:14 [INFO]   Files normalized:      SKIPPED
2026-08-31 20:02:14 [INFO]   Year coverage:         N/A
2026-08-31 20:02:14 [INFO]   2007 gap status:       N/A
2026-08-31 20:02:14 [INFO]   Timeline continuity:   N/A
2026-08-31 20:02:14 [INFO]   Expected record range: ~5,000–15,000+ (from ~1,500 baseline)
2026-08-31 20:02:14 [INFO]   UEI enrichment:        SKIPPED
2026-08-31 20:02:14 [INFO]   Pipeline status:       SUCCESS
2026-08-31 20:02:14 [INFO]   Elapsed time:          0.0s
2026-08-31 20:02:14 [INFO] ======================================================================
$ python3 -m pip install -r requirements.txt && python3 run_all.py --only-setup
# cwd: /var/folders/0p/s67bd63s0cbdzz4rtd6_sm2m0000gn/T/startup-audit-20260901T000009Z-54svevsk/moneysweep-pr
# started_utc: 2026-09-01T00:02:09Z

